流式读取并并发转换...
  500 logs  109 logs/s
  1000 logs  108 logs/s
  1500 logs  81 logs/s
  2000 logs  80 logs/s
  2500 logs  78 logs/s
  3000 logs  82 logs/s
  3500 logs  79 logs/s
  4000 logs  70 logs/s
  4500 logs  67 logs/s
  5000 logs  68 logs/s
  5500 logs  64 logs/s
  6000 logs  64 logs/s
  6500 logs  64 logs/s
  7000 logs  66 logs/s
  7500 logs  66 logs/s
  8000 logs  66 logs/s
  8500 logs  67 logs/s
  9000 logs  66 logs/s
  9500 logs  65 logs/s
  10000 logs  66 logs/s
  10500 logs  65 logs/s
  11000 logs  66 logs/s
  11500 logs  65 logs/s
  12000 logs  65 logs/s
  12500 logs  66 logs/s
  13000 logs  66 logs/s
  13500 logs  65 logs/s
  14000 logs  65 logs/s
  14500 logs  65 logs/s
  15000 logs  66 logs/s
  15500 logs  66 logs/s
  16000 logs  65 logs/s
  16500 logs  64 logs/s
  17000 logs  65 logs/s
  17500 logs  64 logs/s
  18000 logs  64 logs/s
  18500 logs  64 logs/s
  19000 logs  65 logs/s
  19500 logs  65 logs/s
  20000 logs  65 logs/s
  20500 logs  65 logs/s
  21000 logs  65 logs/s
  21500 logs  65 logs/s
  22000 logs  65 logs/s
  22500 logs  66 logs/s
  23000 logs  66 logs/s
  23500 logs  65 logs/s
  24000 logs  65 logs/s
  24500 logs  65 logs/s
  25000 logs  65 logs/s
  25500 logs  64 logs/s
  26000 logs  65 logs/s
  26500 logs  65 logs/s
  27000 logs  65 logs/s
  27500 logs  65 logs/s
  28000 logs  65 logs/s
  28500 logs  64 logs/s
  29000 logs  64 logs/s
  29500 logs  64 logs/s
  30000 logs  64 logs/s
  30500 logs  64 logs/s
  31000 logs  64 logs/s
  31500 logs  64 logs/s
  32000 logs  64 logs/s
  32500 logs  64 logs/s
  33000 logs  64 logs/s
  33500 logs  64 logs/s
  34000 logs  64 logs/s
  34500 logs  64 logs/s
  35000 logs  65 logs/s
  35500 logs  65 logs/s
  36000 logs  65 logs/s
  36500 logs  64 logs/s
  37000 logs  64 logs/s
  37500 logs  64 logs/s
  38000 logs  64 logs/s
  38500 logs  64 logs/s
  39000 logs  65 logs/s
  39500 logs  64 logs/s
  40000 logs  64 logs/s
  40500 logs  65 logs/s
  41000 logs  65 logs/s
  41500 logs  65 logs/s
  42000 logs  65 logs/s
  42500 logs  65 logs/s
  43000 logs  65 logs/s
  43500 logs  65 logs/s
  44000 logs  65 logs/s
  44500 logs  65 logs/s
  45000 logs  65 logs/s
  45500 logs  65 logs/s
  46000 logs  65 logs/s
  46500 logs  65 logs/s
  47000 logs  65 logs/s
  47500 logs  65 logs/s
  48000 logs  65 logs/s
  48500 logs  65 logs/s
  49000 logs  65 logs/s
  49500 logs  65 logs/s
  50000 logs  65 logs/s
  50500 logs  65 logs/s
  51000 logs  65 logs/s
  51500 logs  65 logs/s
  52000 logs  65 logs/s
  52500 logs  65 logs/s
  53000 logs  65 logs/s
  53500 logs  65 logs/s
  54000 logs  65 logs/s
  54500 logs  65 logs/s
  55000 logs  65 logs/s
  55500 logs  65 logs/s
  56000 logs  65 logs/s
  56500 logs  65 logs/s
  57000 logs  65 logs/s
  57500 logs  65 logs/s
  58000 logs  65 logs/s
  58500 logs  65 logs/s
  59000 logs  65 logs/s
  59500 logs  65 logs/s
  60000 logs  65 logs/s
  60500 logs  65 logs/s
  61000 logs  65 logs/s
  61500 logs  65 logs/s
  62000 logs  65 logs/s
  62500 logs  65 logs/s
  63000 logs  65 logs/s
  63500 logs  65 logs/s
  64000 logs  65 logs/s
  64500 logs  65 logs/s
  65000 logs  65 logs/s
  65500 logs  65 logs/s
  66000 logs  65 logs/s
  66500 logs  65 logs/s
  67000 logs  65 logs/s
  67500 logs  65 logs/s
  68000 logs  65 logs/s
  68500 logs  65 logs/s
  69000 logs  64 logs/s
  69500 logs  64 logs/s
  70000 logs  64 logs/s
  70500 logs  64 logs/s
  71000 logs  64 logs/s
  71500 logs  64 logs/s
  72000 logs  64 logs/s
  72500 logs  64 logs/s
  73000 logs  64 logs/s
  73500 logs  64 logs/s
  74000 logs  64 logs/s
  74500 logs  64 logs/s
  75000 logs  64 logs/s
  75500 logs  64 logs/s
  76000 logs  64 logs/s
  76500 logs  64 logs/s
  77000 logs  64 logs/s
  77500 logs  64 logs/s
  78000 logs  64 logs/s
  78500 logs  64 logs/s
  79000 logs  64 logs/s
  79500 logs  64 logs/s
  80000 logs  64 logs/s
  80500 logs  64 logs/s
  81000 logs  64 logs/s
  81500 logs  65 logs/s
  82000 logs  65 logs/s
  82500 logs  65 logs/s
  83000 logs  65 logs/s
  83500 logs  65 logs/s
  84000 logs  65 logs/s
  84500 logs  65 logs/s
  85000 logs  65 logs/s
  85500 logs  66 logs/s
  86000 logs  66 logs/s
  86500 logs  66 logs/s
  87000 logs  66 logs/s
  87500 logs  66 logs/s
  88000 logs  66 logs/s
  88500 logs  66 logs/s
  89000 logs  66 logs/s
  89500 logs  66 logs/s
  90000 logs  67 logs/s
  90500 logs  67 logs/s
  91000 logs  67 logs/s
  91500 logs  67 logs/s
  92000 logs  67 logs/s
  92500 logs  67 logs/s
  93000 logs  67 logs/s
  93500 logs  67 logs/s
  94000 logs  67 logs/s
  94500 logs  67 logs/s
  95000 logs  67 logs/s
  95500 logs  68 logs/s
  96000 logs  68 logs/s
  96500 logs  68 logs/s
  97000 logs  68 logs/s
  97500 logs  68 logs/s
  98000 logs  68 logs/s
  98500 logs  68 logs/s
  99000 logs  68 logs/s
  99500 logs  68 logs/s
  100000 logs  68 logs/s
  100500 logs  68 logs/s
  101000 logs  68 logs/s
  101500 logs  68 logs/s
  102000 logs  68 logs/s
  102500 logs  68 logs/s
  103000 logs  69 logs/s
  103500 logs  69 logs/s
  104000 logs  69 logs/s
  104500 logs  69 logs/s
  105000 logs  69 logs/s
  105500 logs  69 logs/s
  106000 logs  69 logs/s
  106500 logs  69 logs/s
  107000 logs  69 logs/s
  107500 logs  69 logs/s
  108000 logs  69 logs/s
  108500 logs  69 logs/s
  109000 logs  69 logs/s
  109500 logs  69 logs/s
  110000 logs  69 logs/s
  110500 logs  69 logs/s
  111000 logs  70 logs/s
  111500 logs  70 logs/s
  112000 logs  70 logs/s
  112500 logs  70 logs/s
  113000 logs  70 logs/s
  113500 logs  70 logs/s
  114000 logs  70 logs/s
  114500 logs  70 logs/s
  115000 logs  70 logs/s
  115500 logs  70 logs/s
  116000 logs  70 logs/s
  116500 logs  70 logs/s
  117000 logs  70 logs/s
  117500 logs  71 logs/s
  118000 logs  71 logs/s
  118500 logs  71 logs/s
  119000 logs  71 logs/s
  119500 logs  71 logs/s
  120000 logs  71 logs/s
  120500 logs  71 logs/s
  121000 logs  71 logs/s
  121500 logs  71 logs/s
  122000 logs  71 logs/s
  122500 logs  71 logs/s
  123000 logs  71 logs/s
  123500 logs  71 logs/s
  124000 logs  71 logs/s
  124500 logs  71 logs/s
  125000 logs  71 logs/s
  125500 logs  71 logs/s
  126000 logs  71 logs/s
  126500 logs  71 logs/s
  127000 logs  72 logs/s
  127500 logs  72 logs/s
  128000 logs  72 logs/s
  128500 logs  72 logs/s
  129000 logs  72 logs/s
  129500 logs  72 logs/s
  130000 logs  72 logs/s
  130500 logs  72 logs/s
  131000 logs  72 logs/s
  131500 logs  72 logs/s
  132000 logs  72 logs/s
  132500 logs  72 logs/s
  133000 logs  72 logs/s
  133500 logs  72 logs/s
  134000 logs  72 logs/s
  134500 logs  72 logs/s
  135000 logs  72 logs/s
  135500 logs  72 logs/s
  136000 logs  73 logs/s
  136500 logs  73 logs/s
  137000 logs  73 logs/s
  137500 logs  73 logs/s
  138000 logs  73 logs/s
  138500 logs  73 logs/s
  139000 logs  73 logs/s
  139500 logs  73 logs/s
  140000 logs  73 logs/s
  140500 logs  73 logs/s
  141000 logs  73 logs/s
  141500 logs  73 logs/s
  142000 logs  73 logs/s
  142500 logs  73 logs/s
  143000 logs  73 logs/s
  143500 logs  73 logs/s
  144000 logs  73 logs/s
  144500 logs  73 logs/s
  145000 logs  73 logs/s
  145500 logs  73 logs/s
  146000 logs  74 logs/s
  146500 logs  74 logs/s
  147000 logs  74 logs/s
  147500 logs  74 logs/s
  148000 logs  74 logs/s
  148500 logs  74 logs/s
  149000 logs  74 logs/s
  149500 logs  74 logs/s
  150000 logs  74 logs/s
  150500 logs  74 logs/s
  151000 logs  74 logs/s
  151500 logs  74 logs/s
  152000 logs  74 logs/s
  152500 logs  74 logs/s
  153000 logs  74 logs/s
  153500 logs  74 logs/s
  154000 logs  74 logs/s
  154500 logs  74 logs/s
  155000 logs  74 logs/s
  155500 logs  74 logs/s
  156000 logs  74 logs/s
  156500 logs  74 logs/s
  157000 logs  74 logs/s
  157500 logs  74 logs/s
  158000 logs  74 logs/s
  158500 logs  74 logs/s
  159000 logs  74 logs/s
  159500 logs  75 logs/s
  160000 logs  75 logs/s
  160500 logs  75 logs/s
  161000 logs  75 logs/s
  161500 logs  75 logs/s
  162000 logs  75 logs/s
  162500 logs  75 logs/s
  163000 logs  75 logs/s
  163500 logs  75 logs/s
  164000 logs  75 logs/s
  164500 logs  75 logs/s
  165000 logs  75 logs/s
  165500 logs  75 logs/s
  166000 logs  75 logs/s
  166500 logs  75 logs/s
  167000 logs  75 logs/s
  167500 logs  75 logs/s
  168000 logs  75 logs/s
  168500 logs  75 logs/s
  169000 logs  75 logs/s
  169500 logs  75 logs/s
  170000 logs  75 logs/s
  170500 logs  75 logs/s
  171000 logs  75 logs/s
  171500 logs  75 logs/s
  172000 logs  75 logs/s
  172500 logs  75 logs/s
  173000 logs  75 logs/s
  173500 logs  75 logs/s
  174000 logs  75 logs/s
  174500 logs  75 logs/s
  175000 logs  75 logs/s
  175500 logs  75 logs/s
  176000 logs  76 logs/s
  176500 logs  76 logs/s
  177000 logs  76 logs/s
  177500 logs  76 logs/s
  178000 logs  76 logs/s
  178500 logs  76 logs/s
  179000 logs  76 logs/s
  179500 logs  76 logs/s
  180000 logs  76 logs/s
  180500 logs  76 logs/s
  181000 logs  76 logs/s
  181500 logs  76 logs/s
  182000 logs  76 logs/s
  182500 logs  76 logs/s
  183000 logs  76 logs/s
  183500 logs  76 logs/s
  184000 logs  76 logs/s
  184500 logs  76 logs/s
  185000 logs  76 logs/s
  185500 logs  76 logs/s
  186000 logs  76 logs/s
  186500 logs  76 logs/s
  187000 logs  76 logs/s
  187500 logs  76 logs/s
  188000 logs  76 logs/s
  188500 logs  76 logs/s
  189000 logs  76 logs/s
  189500 logs  76 logs/s
  190000 logs  76 logs/s
  190500 logs  76 logs/s
  191000 logs  76 logs/s
  191500 logs  76 logs/s
  192000 logs  76 logs/s
  192500 logs  77 logs/s
  193000 logs  77 logs/s
  193500 logs  77 logs/s
  194000 logs  77 logs/s
  194500 logs  77 logs/s
  195000 logs  77 logs/s
  195500 logs  77 logs/s
  196000 logs  77 logs/s
  196500 logs  77 logs/s
  197000 logs  77 logs/s
  197500 logs  77 logs/s
  198000 logs  77 logs/s
  198500 logs  77 logs/s
  199000 logs  77 logs/s
  199500 logs  77 logs/s
  200000 logs  77 logs/s
  200500 logs  77 logs/s
  201000 logs  77 logs/s
  201500 logs  77 logs/s
  202000 logs  77 logs/s
  202500 logs  77 logs/s
  203000 logs  77 logs/s
  203500 logs  77 logs/s
  204000 logs  77 logs/s
  204500 logs  77 logs/s
  205000 logs  77 logs/s
  205500 logs  77 logs/s
  206000 logs  77 logs/s
  206500 logs  77 logs/s
  207000 logs  77 logs/s
  207500 logs  77 logs/s
  208000 logs  77 logs/s
  208500 logs  77 logs/s
  209000 logs  77 logs/s
  209500 logs  77 logs/s
  210000 logs  77 logs/s
  210500 logs  77 logs/s
  211000 logs  77 logs/s
  211500 logs  77 logs/s
  212000 logs  77 logs/s
  212500 logs  77 logs/s
  213000 logs  77 logs/s
  213500 logs  77 logs/s
  214000 logs  77 logs/s
  214500 logs  77 logs/s
  215000 logs  77 logs/s
  215500 logs  77 logs/s
  216000 logs  77 logs/s
  216500 logs  77 logs/s
  217000 logs  77 logs/s
  217500 logs  77 logs/s
  218000 logs  78 logs/s
  218500 logs  78 logs/s
  219000 logs  78 logs/s
  219500 logs  78 logs/s
  220000 logs  78 logs/s
  220500 logs  78 logs/s
  221000 logs  78 logs/s
  221500 logs  78 logs/s
  222000 logs  78 logs/s
  222500 logs  78 logs/s
  223000 logs  78 logs/s
  223500 logs  78 logs/s
  224000 logs  78 logs/s
  224500 logs  78 logs/s
  225000 logs  78 logs/s
  225500 logs  78 logs/s
  226000 logs  78 logs/s
  226500 logs  78 logs/s
  227000 logs  78 logs/s
  227500 logs  78 logs/s
  228000 logs  78 logs/s
  228500 logs  78 logs/s
  229000 logs  78 logs/s
  229500 logs  78 logs/s
  230000 logs  78 logs/s
  230500 logs  78 logs/s
  231000 logs  78 logs/s
  231500 logs  78 logs/s
  232000 logs  78 logs/s
  232500 logs  78 logs/s
  233000 logs  78 logs/s
  233500 logs  78 logs/s
  234000 logs  78 logs/s
  234500 logs  78 logs/s
  235000 logs  78 logs/s
  235500 logs  78 logs/s
  236000 logs  78 logs/s
  236500 logs  78 logs/s
  237000 logs  78 logs/s
  237500 logs  78 logs/s
  238000 logs  78 logs/s
  238500 logs  78 logs/s
  239000 logs  78 logs/s
  239500 logs  78 logs/s
  240000 logs  78 logs/s
  240500 logs  79 logs/s
  241000 logs  78 logs/s
  241500 logs  79 logs/s
  242000 logs  79 logs/s
  242500 logs  79 logs/s
  243000 logs  79 logs/s
  243500 logs  79 logs/s
  244000 logs  79 logs/s
  244500 logs  79 logs/s
  245000 logs  79 logs/s
  245500 logs  79 logs/s
  246000 logs  79 logs/s
  246500 logs  79 logs/s
  247000 logs  79 logs/s
  247500 logs  79 logs/s
  248000 logs  79 logs/s
  248500 logs  79 logs/s
  249000 logs  79 logs/s
  249500 logs  79 logs/s
  250000 logs  79 logs/s
  250500 logs  79 logs/s
  251000 logs  79 logs/s
  251500 logs  79 logs/s
  252000 logs  79 logs/s
  252500 logs  79 logs/s
  253000 logs  79 logs/s
  253500 logs  79 logs/s
  254000 logs  79 logs/s
  254500 logs  79 logs/s
  255000 logs  79 logs/s
  255500 logs  79 logs/s
  256000 logs  79 logs/s
  256500 logs  79 logs/s
  257000 logs  79 logs/s
  257500 logs  79 logs/s
  258000 logs  79 logs/s
  258500 logs  79 logs/s
  259000 logs  79 logs/s
  259500 logs  79 logs/s
  260000 logs  79 logs/s
  260500 logs  79 logs/s
  261000 logs  79 logs/s
  261500 logs  79 logs/s
  262000 logs  79 logs/s
  262500 logs  79 logs/s
  263000 logs  79 logs/s
  263500 logs  79 logs/s
  264000 logs  79 logs/s
  264500 logs  79 logs/s
  265000 logs  79 logs/s
  265500 logs  79 logs/s
  266000 logs  79 logs/s
  266500 logs  79 logs/s
  267000 logs  79 logs/s
  267500 logs  79 logs/s
  268000 logs  79 logs/s
  268500 logs  79 logs/s
  269000 logs  79 logs/s
  269500 logs  79 logs/s
  270000 logs  79 logs/s
  270500 logs  79 logs/s
  271000 logs  79 logs/s
  271500 logs  79 logs/s
  272000 logs  79 logs/s
  272500 logs  79 logs/s
  273000 logs  79 logs/s
  273500 logs  79 logs/s
  274000 logs  79 logs/s
  274500 logs  80 logs/s
  275000 logs  79 logs/s
  275500 logs  79 logs/s
  276000 logs  80 logs/s
  276500 logs  80 logs/s
  277000 logs  80 logs/s
  277500 logs  80 logs/s
  278000 logs  80 logs/s
  278500 logs  80 logs/s
  279000 logs  80 logs/s
  279500 logs  80 logs/s
  280000 logs  80 logs/s
  280500 logs  80 logs/s
  281000 logs  80 logs/s
  281500 logs  80 logs/s
  282000 logs  80 logs/s
  282500 logs  80 logs/s
  283000 logs  80 logs/s
  283500 logs  80 logs/s
  284000 logs  80 logs/s
  284500 logs  80 logs/s
  285000 logs  80 logs/s
  285500 logs  80 logs/s
  286000 logs  80 logs/s
  286500 logs  80 logs/s
  287000 logs  80 logs/s
  287500 logs  80 logs/s
  288000 logs  80 logs/s
  288500 logs  80 logs/s
  289000 logs  80 logs/s
  289500 logs  80 logs/s
  290000 logs  80 logs/s
  290500 logs  80 logs/s
  291000 logs  80 logs/s
  291500 logs  80 logs/s
  292000 logs  80 logs/s
  292500 logs  80 logs/s
  293000 logs  80 logs/s
  293500 logs  80 logs/s
  294000 logs  80 logs/s
  294500 logs  80 logs/s
  295000 logs  80 logs/s
  295500 logs  80 logs/s
  296000 logs  80 logs/s
  296500 logs  80 logs/s
  297000 logs  80 logs/s
  297500 logs  80 logs/s
  298000 logs  80 logs/s
  298500 logs  80 logs/s
  299000 logs  80 logs/s
  299500 logs  80 logs/s
  300000 logs  80 logs/s
  300500 logs  80 logs/s
  301000 logs  80 logs/s
  301500 logs  80 logs/s
  302000 logs  80 logs/s
  302500 logs  80 logs/s
  303000 logs  80 logs/s
  303500 logs  80 logs/s
  304000 logs  80 logs/s
  304500 logs  80 logs/s
  305000 logs  80 logs/s
  305500 logs  80 logs/s
  306000 logs  80 logs/s
  306500 logs  80 logs/s
  307000 logs  80 logs/s
  307500 logs  80 logs/s
  308000 logs  80 logs/s
  308500 logs  80 logs/s
  309000 logs  80 logs/s
  309500 logs  80 logs/s
  310000 logs  80 logs/s
  310500 logs  80 logs/s
  311000 logs  80 logs/s
  311500 logs  80 logs/s
  312000 logs  80 logs/s
  312500 logs  80 logs/s
  313000 logs  80 logs/s
  313500 logs  80 logs/s
  314000 logs  80 logs/s
  314500 logs  80 logs/s
  315000 logs  80 logs/s
  315500 logs  80 logs/s
  316000 logs  80 logs/s
  316500 logs  80 logs/s
  317000 logs  80 logs/s
  317500 logs  80 logs/s
  318000 logs  80 logs/s
  318500 logs  80 logs/s
  319000 logs  80 logs/s
  319500 logs  81 logs/s
  320000 logs  81 logs/s
  320500 logs  81 logs/s
  321000 logs  81 logs/s
  321500 logs  81 logs/s
  322000 logs  81 logs/s
  322500 logs  81 logs/s
  323000 logs  81 logs/s
  323500 logs  81 logs/s
  324000 logs  81 logs/s
  324500 logs  81 logs/s
  325000 logs  81 logs/s
  325500 logs  81 logs/s
  326000 logs  81 logs/s
  326500 logs  81 logs/s
  327000 logs  81 logs/s
  327500 logs  81 logs/s
  328000 logs  81 logs/s
  328500 logs  81 logs/s
  329000 logs  81 logs/s
  329500 logs  81 logs/s
  330000 logs  81 logs/s
  330500 logs  81 logs/s
  331000 logs  81 logs/s
  331500 logs  81 logs/s
  332000 logs  81 logs/s
  332500 logs  81 logs/s
  333000 logs  81 logs/s
  333500 logs  81 logs/s
  334000 logs  81 logs/s
  334500 logs  81 logs/s
  335000 logs  81 logs/s
  335500 logs  81 logs/s
  336000 logs  81 logs/s
  336500 logs  81 logs/s
  337000 logs  81 logs/s
  337500 logs  81 logs/s
  338000 logs  81 logs/s
  338500 logs  81 logs/s
  339000 logs  81 logs/s
  339500 logs  81 logs/s
  340000 logs  81 logs/s
  340500 logs  81 logs/s
  341000 logs  81 logs/s
  341500 logs  81 logs/s
  342000 logs  81 logs/s
  342500 logs  81 logs/s
  343000 logs  81 logs/s
  343500 logs  81 logs/s
  344000 logs  81 logs/s
  344500 logs  81 logs/s
  345000 logs  81 logs/s
  345500 logs  81 logs/s
  346000 logs  81 logs/s
  346500 logs  81 logs/s
  347000 logs  81 logs/s
  347500 logs  81 logs/s
  348000 logs  81 logs/s
  348500 logs  81 logs/s
  349000 logs  81 logs/s
  349500 logs  81 logs/s
  350000 logs  81 logs/s
  350500 logs  81 logs/s
  351000 logs  81 logs/s
  351500 logs  81 logs/s
  352000 logs  81 logs/s
  352500 logs  81 logs/s
  353000 logs  81 logs/s
  353500 logs  81 logs/s
  354000 logs  81 logs/s
  354500 logs  81 logs/s
  355000 logs  81 logs/s
  355500 logs  81 logs/s
  356000 logs  81 logs/s
  356500 logs  81 logs/s
  357000 logs  81 logs/s
  357500 logs  81 logs/s
  358000 logs  81 logs/s
  358500 logs  81 logs/s
  359000 logs  81 logs/s
  359500 logs  81 logs/s
  360000 logs  81 logs/s
  360500 logs  81 logs/s
  361000 logs  81 logs/s
  361500 logs  81 logs/s
  362000 logs  81 logs/s
  362500 logs  81 logs/s
  363000 logs  81 logs/s
  363500 logs  81 logs/s
  364000 logs  81 logs/s
  364500 logs  81 logs/s
  365000 logs  81 logs/s
  365500 logs  81 logs/s
  366000 logs  81 logs/s
  366500 logs  81 logs/s
  367000 logs  81 logs/s
  367500 logs  81 logs/s
  368000 logs  81 logs/s
  368500 logs  81 logs/s
  369000 logs  81 logs/s
  369500 logs  81 logs/s
  370000 logs  81 logs/s
  370500 logs  81 logs/s
  371000 logs  81 logs/s
  371500 logs  81 logs/s
  372000 logs  81 logs/s
  372500 logs  81 logs/s
  373000 logs  81 logs/s
  373500 logs  81 logs/s
  374000 logs  81 logs/s
  374500 logs  81 logs/s
  375000 logs  81 logs/s
  375500 logs  81 logs/s
  376000 logs  81 logs/s
  376500 logs  81 logs/s
  377000 logs  81 logs/s
  377500 logs  81 logs/s
  378000 logs  81 logs/s
  378500 logs  81 logs/s
  379000 logs  81 logs/s
  379500 logs  81 logs/s
  380000 logs  82 logs/s
  380500 logs  82 logs/s
  381000 logs  81 logs/s
  381500 logs  81 logs/s
  382000 logs  81 logs/s
  382500 logs  82 logs/s
  383000 logs  82 logs/s
  383500 logs  82 logs/s
  384000 logs  82 logs/s
  384500 logs  82 logs/s
  385000 logs  82 logs/s
  385500 logs  82 logs/s
  386000 logs  82 logs/s
  386500 logs  82 logs/s
  387000 logs  81 logs/s
  387500 logs  81 logs/s
  388000 logs  81 logs/s
  388500 logs  81 logs/s
  389000 logs  81 logs/s
  389500 logs  82 logs/s
  390000 logs  82 logs/s
  390500 logs  82 logs/s
  391000 logs  82 logs/s
  391500 logs  82 logs/s
  392000 logs  82 logs/s
  392500 logs  82 logs/s
  393000 logs  82 logs/s
  393500 logs  82 logs/s
  394000 logs  82 logs/s
  394500 logs  82 logs/s
  395000 logs  82 logs/s
  395500 logs  82 logs/s
  396000 logs  82 logs/s
  396500 logs  82 logs/s
  397000 logs  82 logs/s
  397500 logs  82 logs/s
  398000 logs  82 logs/s
  398500 logs  82 logs/s
  399000 logs  82 logs/s
  399500 logs  82 logs/s
  400000 logs  82 logs/s
  400500 logs  82 logs/s
  401000 logs  82 logs/s
  401500 logs  82 logs/s
  402000 logs  82 logs/s
  402500 logs  82 logs/s
  403000 logs  82 logs/s
  403500 logs  82 logs/s
  404000 logs  82 logs/s
  404500 logs  82 logs/s
  405000 logs  82 logs/s
  405500 logs  82 logs/s
  406000 logs  82 logs/s
  406500 logs  82 logs/s
  407000 logs  82 logs/s
  407500 logs  82 logs/s
  408000 logs  82 logs/s
  408500 logs  82 logs/s
  409000 logs  82 logs/s
  409500 logs  82 logs/s
  410000 logs  82 logs/s
  410500 logs  82 logs/s
  411000 logs  82 logs/s
  411500 logs  82 logs/s
  412000 logs  82 logs/s
  412500 logs  82 logs/s
  413000 logs  82 logs/s
  413500 logs  82 logs/s
  414000 logs  82 logs/s
  414500 logs  82 logs/s
  415000 logs  82 logs/s
  415500 logs  82 logs/s
  416000 logs  82 logs/s
  416500 logs  82 logs/s
  417000 logs  82 logs/s
  417500 logs  82 logs/s
  418000 logs  82 logs/s
  418500 logs  82 logs/s
  419000 logs  82 logs/s
  419500 logs  82 logs/s
  420000 logs  82 logs/s
  420500 logs  82 logs/s
  421000 logs  82 logs/s
  421500 logs  82 logs/s
  422000 logs  82 logs/s
  422500 logs  82 logs/s
  423000 logs  82 logs/s
  423500 logs  82 logs/s
  424000 logs  82 logs/s
  424500 logs  82 logs/s
  425000 logs  82 logs/s
  425500 logs  82 logs/s
  426000 logs  82 logs/s
  426500 logs  82 logs/s
  427000 logs  82 logs/s
  427500 logs  82 logs/s
  428000 logs  82 logs/s
  428500 logs  82 logs/s
  429000 logs  82 logs/s
  429500 logs  82 logs/s
  430000 logs  82 logs/s
  430500 logs  82 logs/s
  431000 logs  82 logs/s
  431500 logs  82 logs/s
  432000 logs  82 logs/s
  432500 logs  82 logs/s
  433000 logs  82 logs/s
  433500 logs  82 logs/s
  434000 logs  82 logs/s
  434500 logs  82 logs/s
  435000 logs  82 logs/s
  435500 logs  82 logs/s
  436000 logs  82 logs/s
  436500 logs  82 logs/s
  437000 logs  82 logs/s
  437500 logs  82 logs/s
  438000 logs  82 logs/s
  438500 logs  82 logs/s
  439000 logs  82 logs/s
  439500 logs  82 logs/s
  440000 logs  82 logs/s
  440500 logs  82 logs/s
  441000 logs  82 logs/s
  441500 logs  82 logs/s
  442000 logs  82 logs/s
  442500 logs  82 logs/s
  443000 logs  82 logs/s
  443500 logs  82 logs/s
  444000 logs  82 logs/s
  444500 logs  82 logs/s
  445000 logs  82 logs/s
  445500 logs  81 logs/s
  446000 logs  81 logs/s
  446500 logs  81 logs/s
  447000 logs  81 logs/s
  447500 logs  81 logs/s
  448000 logs  81 logs/s
  448500 logs  81 logs/s
  449000 logs  81 logs/s
  449500 logs  81 logs/s
  450000 logs  81 logs/s
  450500 logs  81 logs/s
  451000 logs  81 logs/s
  451500 logs  81 logs/s
  452000 logs  81 logs/s
  452500 logs  81 logs/s
  453000 logs  81 logs/s
  453500 logs  81 logs/s
  454000 logs  81 logs/s
  454500 logs  80 logs/s
  455000 logs  80 logs/s
  455500 logs  80 logs/s
  456000 logs  80 logs/s
  456500 logs  80 logs/s
  457000 logs  80 logs/s
  457500 logs  80 logs/s
  458000 logs  80 logs/s
  458500 logs  80 logs/s
  459000 logs  80 logs/s
  459500 logs  80 logs/s
  460000 logs  80 logs/s
  460500 logs  80 logs/s
  461000 logs  80 logs/s
  461500 logs  80 logs/s
  462000 logs  80 logs/s
  462500 logs  80 logs/s
  463000 logs  80 logs/s
  463500 logs  80 logs/s
  464000 logs  80 logs/s
  464500 logs  80 logs/s
  465000 logs  80 logs/s
  465500 logs  80 logs/s
  466000 logs  80 logs/s
  466500 logs  80 logs/s
  467000 logs  80 logs/s
  467500 logs  80 logs/s
  468000 logs  80 logs/s
  468500 logs  80 logs/s
  469000 logs  80 logs/s
  469500 logs  80 logs/s
  470000 logs  80 logs/s
  470500 logs  80 logs/s
  471000 logs  80 logs/s
  471500 logs  80 logs/s
  472000 logs  80 logs/s
  472500 logs  80 logs/s
  473000 logs  80 logs/s
  473500 logs  80 logs/s
  474000 logs  80 logs/s
  474500 logs  80 logs/s
  475000 logs  80 logs/s
  475500 logs  80 logs/s
  476000 logs  80 logs/s
  476500 logs  80 logs/s
  477000 logs  80 logs/s
  477500 logs  80 logs/s
  478000 logs  80 logs/s
  478500 logs  80 logs/s
  479000 logs  80 logs/s
  479500 logs  80 logs/s
  480000 logs  80 logs/s
  480500 logs  80 logs/s
  481000 logs  80 logs/s
  481500 logs  80 logs/s
  482000 logs  80 logs/s
  482500 logs  80 logs/s
  483000 logs  80 logs/s
  483500 logs  80 logs/s
  484000 logs  80 logs/s
  484500 logs  80 logs/s
  485000 logs  80 logs/s
  485500 logs  80 logs/s
  486000 logs  80 logs/s
  486500 logs  80 logs/s
  487000 logs  80 logs/s
  487500 logs  80 logs/s
  488000 logs  80 logs/s
  488500 logs  80 logs/s
  489000 logs  80 logs/s
  489500 logs  80 logs/s
  490000 logs  80 logs/s
  490500 logs  80 logs/s
  491000 logs  80 logs/s
  491500 logs  80 logs/s
  492000 logs  80 logs/s
  492500 logs  80 logs/s
  493000 logs  80 logs/s
  493500 logs  80 logs/s
  494000 logs  80 logs/s
  494500 logs  80 logs/s
  495000 logs  80 logs/s
  495500 logs  80 logs/s
  496000 logs  80 logs/s
  496500 logs  80 logs/s
  497000 logs  80 logs/s
  497500 logs  80 logs/s
  498000 logs  80 logs/s
  498500 logs  80 logs/s
  499000 logs  80 logs/s
  499500 logs  80 logs/s
  500000 logs  80 logs/s
  500500 logs  80 logs/s
  501000 logs  80 logs/s
  501500 logs  80 logs/s
  502000 logs  80 logs/s
  502500 logs  80 logs/s
  503000 logs  80 logs/s
  503500 logs  80 logs/s
  504000 logs  80 logs/s
  504500 logs  80 logs/s
  505000 logs  80 logs/s
  505500 logs  80 logs/s
  506000 logs  80 logs/s
  506500 logs  80 logs/s
  507000 logs  80 logs/s
  507500 logs  80 logs/s
  508000 logs  80 logs/s
  508500 logs  80 logs/s
  509000 logs  80 logs/s
  509500 logs  80 logs/s
  510000 logs  80 logs/s
  510500 logs  80 logs/s
  511000 logs  80 logs/s
  511500 logs  80 logs/s
  512000 logs  80 logs/s
  512500 logs  80 logs/s
  513000 logs  80 logs/s
  513500 logs  80 logs/s
  514000 logs  80 logs/s
  514500 logs  80 logs/s
  515000 logs  80 logs/s
  515500 logs  80 logs/s
  516000 logs  80 logs/s
  516500 logs  80 logs/s
  517000 logs  80 logs/s
  517500 logs  81 logs/s
  518000 logs  81 logs/s
  518500 logs  81 logs/s
  519000 logs  81 logs/s
  519500 logs  81 logs/s
  520000 logs  81 logs/s
  520500 logs  81 logs/s
  521000 logs  81 logs/s
  521500 logs  81 logs/s
  522000 logs  81 logs/s
  522500 logs  81 logs/s
  523000 logs  81 logs/s
  523500 logs  81 logs/s
  524000 logs  81 logs/s
  524500 logs  81 logs/s
  525000 logs  81 logs/s
  525500 logs  81 logs/s
  526000 logs  81 logs/s
  526500 logs  81 logs/s
  527000 logs  81 logs/s
  527500 logs  81 logs/s
  528000 logs  81 logs/s
  528500 logs  81 logs/s
  529000 logs  81 logs/s
  529500 logs  81 logs/s
  530000 logs  81 logs/s
  530500 logs  81 logs/s
  531000 logs  81 logs/s
  531500 logs  81 logs/s
  532000 logs  81 logs/s
  532500 logs  81 logs/s
  533000 logs  81 logs/s
  533500 logs  81 logs/s
  534000 logs  81 logs/s
  534500 logs  81 logs/s
  535000 logs  81 logs/s
  535500 logs  81 logs/s
  536000 logs  81 logs/s
  536500 logs  81 logs/s
  537000 logs  81 logs/s
  537500 logs  81 logs/s
  538000 logs  81 logs/s
  538500 logs  81 logs/s
  539000 logs  81 logs/s
  539500 logs  81 logs/s
  540000 logs  81 logs/s
  540500 logs  81 logs/s
  541000 logs  81 logs/s
  541500 logs  81 logs/s
  542000 logs  81 logs/s
  542500 logs  81 logs/s
  543000 logs  81 logs/s
  543500 logs  81 logs/s
  544000 logs  81 logs/s
  544500 logs  81 logs/s
  545000 logs  81 logs/s
  545500 logs  81 logs/s
  546000 logs  81 logs/s
  546500 logs  81 logs/s
  547000 logs  81 logs/s
  547500 logs  81 logs/s
  548000 logs  81 logs/s
  548500 logs  81 logs/s
  549000 logs  81 logs/s
  549500 logs  81 logs/s
  550000 logs  81 logs/s
  550500 logs  81 logs/s
  551000 logs  81 logs/s
  551500 logs  81 logs/s
  552000 logs  81 logs/s
  552500 logs  81 logs/s
  553000 logs  81 logs/s
  553500 logs  81 logs/s
  554000 logs  81 logs/s
  554500 logs  81 logs/s
  555000 logs  81 logs/s
  555500 logs  81 logs/s
  556000 logs  81 logs/s
  556500 logs  81 logs/s
  557000 logs  81 logs/s
  557500 logs  81 logs/s
  558000 logs  81 logs/s
  558500 logs  81 logs/s
  559000 logs  81 logs/s
  559500 logs  81 logs/s
  560000 logs  81 logs/s
  560500 logs  81 logs/s
  561000 logs  81 logs/s
  561500 logs  81 logs/s
  562000 logs  81 logs/s
  562500 logs  81 logs/s
  563000 logs  81 logs/s
  563500 logs  81 logs/s
  564000 logs  81 logs/s
  564500 logs  81 logs/s
  565000 logs  81 logs/s
  565500 logs  81 logs/s
  566000 logs  81 logs/s
  566500 logs  81 logs/s
  567000 logs  81 logs/s
  567500 logs  81 logs/s
  568000 logs  81 logs/s
  568500 logs  81 logs/s
  569000 logs  81 logs/s
  569500 logs  81 logs/s
  570000 logs  81 logs/s
  570500 logs  81 logs/s
  571000 logs  81 logs/s
  571500 logs  81 logs/s
  572000 logs  81 logs/s
  572500 logs  81 logs/s
  573000 logs  81 logs/s
  573500 logs  81 logs/s
  574000 logs  81 logs/s
  574500 logs  81 logs/s
  575000 logs  81 logs/s
  575500 logs  81 logs/s
  576000 logs  81 logs/s
  576500 logs  81 logs/s
  577000 logs  81 logs/s
  577500 logs  81 logs/s
  578000 logs  81 logs/s
  578500 logs  81 logs/s
  579000 logs  81 logs/s
  579500 logs  81 logs/s
  580000 logs  81 logs/s
  580500 logs  81 logs/s
  581000 logs  81 logs/s
  581500 logs  81 logs/s
  582000 logs  81 logs/s
  582500 logs  81 logs/s
  583000 logs  81 logs/s
  583500 logs  81 logs/s
  584000 logs  81 logs/s
  584500 logs  81 logs/s
  585000 logs  81 logs/s
  585500 logs  81 logs/s
  586000 logs  81 logs/s
  586500 logs  81 logs/s
  587000 logs  81 logs/s
  587500 logs  81 logs/s
  588000 logs  81 logs/s
  588500 logs  81 logs/s
  589000 logs  81 logs/s
  589500 logs  81 logs/s
  590000 logs  81 logs/s
  590500 logs  81 logs/s
  591000 logs  81 logs/s
  591500 logs  81 logs/s
  592000 logs  81 logs/s
  592500 logs  81 logs/s
  593000 logs  81 logs/s
  593500 logs  81 logs/s
  594000 logs  81 logs/s
  594500 logs  81 logs/s
  595000 logs  81 logs/s
  595500 logs  81 logs/s
  596000 logs  81 logs/s
  596500 logs  81 logs/s
  597000 logs  81 logs/s
  597500 logs  81 logs/s
  598000 logs  81 logs/s
  598500 logs  81 logs/s
  599000 logs  81 logs/s
  599500 logs  81 logs/s
  600000 logs  81 logs/s
  600500 logs  81 logs/s
  601000 logs  81 logs/s
  601500 logs  81 logs/s
  602000 logs  81 logs/s
  602500 logs  81 logs/s
  603000 logs  81 logs/s
  603500 logs  82 logs/s
  604000 logs  82 logs/s
  604500 logs  82 logs/s
  605000 logs  82 logs/s
  605500 logs  82 logs/s
  606000 logs  82 logs/s
  606500 logs  82 logs/s
  607000 logs  82 logs/s
  607500 logs  82 logs/s
  608000 logs  82 logs/s
  608500 logs  82 logs/s
  609000 logs  82 logs/s
  609500 logs  82 logs/s
  610000 logs  82 logs/s
  610500 logs  82 logs/s
  611000 logs  82 logs/s
  611500 logs  82 logs/s
  612000 logs  82 logs/s
  612500 logs  82 logs/s
  613000 logs  82 logs/s
  613500 logs  82 logs/s
  614000 logs  82 logs/s
  614500 logs  82 logs/s
  615000 logs  82 logs/s
  615500 logs  82 logs/s
  616000 logs  82 logs/s
  616500 logs  82 logs/s
  617000 logs  82 logs/s
  617500 logs  82 logs/s
  618000 logs  82 logs/s
  618500 logs  82 logs/s
  619000 logs  82 logs/s
  619500 logs  82 logs/s
  620000 logs  82 logs/s
  620500 logs  82 logs/s
  621000 logs  82 logs/s
  621500 logs  82 logs/s
  622000 logs  82 logs/s
  622500 logs  82 logs/s
  623000 logs  82 logs/s
  623500 logs  82 logs/s
  624000 logs  82 logs/s
  624500 logs  82 logs/s
  625000 logs  82 logs/s
  625500 logs  82 logs/s
  626000 logs  82 logs/s
  626500 logs  82 logs/s
  627000 logs  82 logs/s
  627500 logs  82 logs/s
  628000 logs  82 logs/s
  628500 logs  82 logs/s
  629000 logs  82 logs/s
  629500 logs  82 logs/s
  630000 logs  82 logs/s
  630500 logs  82 logs/s
  631000 logs  82 logs/s
  631500 logs  82 logs/s
  632000 logs  82 logs/s
  632500 logs  82 logs/s
  633000 logs  82 logs/s
  633500 logs  82 logs/s
  634000 logs  82 logs/s
  634500 logs  82 logs/s
  635000 logs  82 logs/s
  635500 logs  82 logs/s
  636000 logs  82 logs/s
  636500 logs  82 logs/s
  637000 logs  82 logs/s
  637500 logs  82 logs/s
  638000 logs  82 logs/s
  638500 logs  82 logs/s
  639000 logs  82 logs/s
  639500 logs  82 logs/s
  640000 logs  82 logs/s
  640500 logs  82 logs/s
  641000 logs  82 logs/s
  641500 logs  82 logs/s
  642000 logs  82 logs/s
  642500 logs  82 logs/s
  643000 logs  82 logs/s
  643500 logs  82 logs/s
  644000 logs  82 logs/s
  644500 logs  82 logs/s
  645000 logs  82 logs/s
  645500 logs  82 logs/s
  646000 logs  82 logs/s
  646500 logs  82 logs/s
  647000 logs  82 logs/s
  647500 logs  82 logs/s
  648000 logs  82 logs/s
  648500 logs  82 logs/s
  649000 logs  82 logs/s
  649500 logs  82 logs/s
  650000 logs  82 logs/s
  650500 logs  82 logs/s
  651000 logs  82 logs/s
  651500 logs  82 logs/s
  652000 logs  82 logs/s
  652500 logs  82 logs/s
  653000 logs  82 logs/s
  653500 logs  82 logs/s
  654000 logs  82 logs/s
  654500 logs  82 logs/s
  655000 logs  82 logs/s
  655500 logs  82 logs/s
  656000 logs  82 logs/s
  656500 logs  82 logs/s
  657000 logs  82 logs/s
  657500 logs  82 logs/s
  658000 logs  82 logs/s
  658500 logs  82 logs/s
  659000 logs  82 logs/s
  659500 logs  82 logs/s
  660000 logs  82 logs/s
  660500 logs  82 logs/s
  661000 logs  82 logs/s
  661500 logs  82 logs/s
  662000 logs  82 logs/s
  662500 logs  82 logs/s
  663000 logs  82 logs/s
  663500 logs  82 logs/s
  664000 logs  82 logs/s
  664500 logs  82 logs/s
  665000 logs  82 logs/s
  665500 logs  82 logs/s
  666000 logs  82 logs/s
  666500 logs  82 logs/s
  667000 logs  82 logs/s
  667500 logs  82 logs/s
  668000 logs  82 logs/s
  668500 logs  82 logs/s
  669000 logs  82 logs/s
  669500 logs  82 logs/s
  670000 logs  82 logs/s
  670500 logs  82 logs/s
  671000 logs  82 logs/s
  671500 logs  82 logs/s
  672000 logs  82 logs/s
  672500 logs  82 logs/s
  673000 logs  82 logs/s
  673500 logs  82 logs/s
  674000 logs  82 logs/s
  674500 logs  82 logs/s
  675000 logs  82 logs/s
  675500 logs  82 logs/s
  676000 logs  82 logs/s
  676500 logs  82 logs/s
  677000 logs  82 logs/s
  677500 logs  82 logs/s
  678000 logs  82 logs/s
  678500 logs  82 logs/s
  679000 logs  82 logs/s
  679500 logs  82 logs/s
  680000 logs  82 logs/s
  680500 logs  82 logs/s
  681000 logs  82 logs/s
  681500 logs  82 logs/s
  682000 logs  82 logs/s
  682500 logs  82 logs/s
  683000 logs  82 logs/s
  683500 logs  82 logs/s
  684000 logs  82 logs/s
  684500 logs  82 logs/s
  685000 logs  82 logs/s
  685500 logs  82 logs/s
  686000 logs  82 logs/s
  686500 logs  82 logs/s
  687000 logs  82 logs/s
  687500 logs  82 logs/s
  688000 logs  82 logs/s
  688500 logs  82 logs/s
  689000 logs  82 logs/s
  689500 logs  82 logs/s
  690000 logs  82 logs/s
  690500 logs  82 logs/s
  691000 logs  82 logs/s
  691500 logs  82 logs/s
  692000 logs  82 logs/s
  692500 logs  82 logs/s
  693000 logs  82 logs/s
  693500 logs  82 logs/s
  694000 logs  82 logs/s
  694500 logs  82 logs/s
  695000 logs  82 logs/s
  695500 logs  82 logs/s
  696000 logs  82 logs/s
  696500 logs  82 logs/s
  697000 logs  82 logs/s
  697500 logs  82 logs/s
  698000 logs  82 logs/s
  698500 logs  82 logs/s
  699000 logs  83 logs/s
  699500 logs  83 logs/s
  700000 logs  83 logs/s
  700500 logs  83 logs/s
  701000 logs  83 logs/s
  701500 logs  83 logs/s
  702000 logs  83 logs/s
  702500 logs  83 logs/s
  703000 logs  83 logs/s
  703500 logs  83 logs/s
  704000 logs  83 logs/s
  704500 logs  83 logs/s
  705000 logs  83 logs/s
  705500 logs  83 logs/s
  706000 logs  83 logs/s
  706500 logs  83 logs/s
  707000 logs  83 logs/s
  707500 logs  83 logs/s
  708000 logs  83 logs/s
  708500 logs  83 logs/s
  709000 logs  83 logs/s
  709500 logs  83 logs/s
  710000 logs  83 logs/s
  710500 logs  83 logs/s
  711000 logs  83 logs/s
  711500 logs  83 logs/s
  712000 logs  83 logs/s
  712500 logs  83 logs/s
  713000 logs  83 logs/s
  713500 logs  83 logs/s
  714000 logs  83 logs/s
  714500 logs  83 logs/s
  715000 logs  83 logs/s
  715500 logs  83 logs/s
  716000 logs  83 logs/s
  716500 logs  83 logs/s
  717000 logs  83 logs/s
  717500 logs  83 logs/s
  718000 logs  83 logs/s
  718500 logs  83 logs/s
  719000 logs  83 logs/s
  719500 logs  83 logs/s
  720000 logs  83 logs/s
  720500 logs  83 logs/s
  721000 logs  83 logs/s
  721500 logs  83 logs/s
  722000 logs  83 logs/s
  722500 logs  83 logs/s
  723000 logs  83 logs/s
  723500 logs  83 logs/s
  724000 logs  83 logs/s
  724500 logs  83 logs/s
  725000 logs  83 logs/s
  725500 logs  83 logs/s
  726000 logs  83 logs/s
  726500 logs  83 logs/s
  727000 logs  83 logs/s
  727500 logs  83 logs/s
  728000 logs  83 logs/s
  728500 logs  83 logs/s
  729000 logs  83 logs/s
  729500 logs  83 logs/s
  730000 logs  83 logs/s
  730500 logs  83 logs/s
  731000 logs  83 logs/s
  731500 logs  83 logs/s
  732000 logs  83 logs/s
  732500 logs  83 logs/s
  733000 logs  83 logs/s
  733500 logs  83 logs/s
  734000 logs  83 logs/s
  734500 logs  83 logs/s
  735000 logs  83 logs/s
  735500 logs  83 logs/s
  736000 logs  83 logs/s
  736500 logs  83 logs/s
  737000 logs  83 logs/s
  737500 logs  83 logs/s
  738000 logs  83 logs/s
  738500 logs  83 logs/s
  739000 logs  83 logs/s
  739500 logs  83 logs/s
  740000 logs  83 logs/s
  740500 logs  83 logs/s
  741000 logs  83 logs/s
  741500 logs  83 logs/s
  742000 logs  83 logs/s
  742500 logs  83 logs/s
  743000 logs  83 logs/s
  743500 logs  83 logs/s
  744000 logs  83 logs/s
  744500 logs  83 logs/s
  745000 logs  83 logs/s
  745500 logs  83 logs/s
  746000 logs  83 logs/s
  746500 logs  83 logs/s
  747000 logs  83 logs/s
  747500 logs  83 logs/s
  748000 logs  83 logs/s
  748500 logs  83 logs/s
  749000 logs  83 logs/s
  749500 logs  83 logs/s
  750000 logs  83 logs/s
  750500 logs  83 logs/s
  751000 logs  83 logs/s
  751500 logs  83 logs/s
  752000 logs  83 logs/s
  752500 logs  83 logs/s
  753000 logs  83 logs/s
  753500 logs  83 logs/s
  754000 logs  83 logs/s
  754500 logs  83 logs/s
  755000 logs  83 logs/s
  755500 logs  83 logs/s
  756000 logs  83 logs/s
  756500 logs  83 logs/s
  757000 logs  83 logs/s
  757500 logs  83 logs/s
  758000 logs  83 logs/s
  758500 logs  83 logs/s
  759000 logs  83 logs/s
  759500 logs  83 logs/s
  760000 logs  83 logs/s
  760500 logs  83 logs/s
  761000 logs  83 logs/s
  761500 logs  83 logs/s
  762000 logs  83 logs/s
  762500 logs  83 logs/s
  763000 logs  83 logs/s
  763500 logs  83 logs/s
  764000 logs  83 logs/s
  764500 logs  83 logs/s
  765000 logs  83 logs/s
  765500 logs  83 logs/s
  766000 logs  83 logs/s
  766500 logs  83 logs/s
  767000 logs  83 logs/s
  767500 logs  83 logs/s
  768000 logs  83 logs/s
  768500 logs  83 logs/s
  769000 logs  83 logs/s
  769500 logs  83 logs/s
  770000 logs  83 logs/s
  770500 logs  83 logs/s
  771000 logs  83 logs/s
  771500 logs  83 logs/s
  772000 logs  83 logs/s
  772500 logs  83 logs/s
  773000 logs  83 logs/s
  773500 logs  83 logs/s
  774000 logs  83 logs/s
  774500 logs  83 logs/s
  775000 logs  83 logs/s
  775500 logs  83 logs/s
  776000 logs  83 logs/s
  776500 logs  83 logs/s
  777000 logs  83 logs/s
  777500 logs  83 logs/s
  778000 logs  83 logs/s
  778500 logs  83 logs/s
  779000 logs  83 logs/s
  779500 logs  83 logs/s
  780000 logs  83 logs/s
  780500 logs  83 logs/s
  781000 logs  83 logs/s
  781500 logs  83 logs/s
  782000 logs  83 logs/s
  782500 logs  83 logs/s
  783000 logs  83 logs/s
  783500 logs  83 logs/s
  784000 logs  83 logs/s
  784500 logs  83 logs/s
  785000 logs  83 logs/s
  785500 logs  83 logs/s
  786000 logs  83 logs/s
  786500 logs  83 logs/s
  787000 logs  83 logs/s
  787500 logs  83 logs/s
  788000 logs  83 logs/s
  788500 logs  83 logs/s
  789000 logs  83 logs/s
  789500 logs  83 logs/s
  790000 logs  83 logs/s
  790500 logs  83 logs/s
  791000 logs  83 logs/s
  791500 logs  83 logs/s
  792000 logs  83 logs/s
  792500 logs  83 logs/s
  793000 logs  83 logs/s
  793500 logs  83 logs/s
  794000 logs  83 logs/s
  794500 logs  83 logs/s
  795000 logs  83 logs/s
  795500 logs  83 logs/s
  796000 logs  83 logs/s
  796500 logs  83 logs/s
  797000 logs  83 logs/s
  797500 logs  83 logs/s
  798000 logs  83 logs/s
  798500 logs  83 logs/s
  799000 logs  83 logs/s
  799500 logs  83 logs/s
  800000 logs  83 logs/s
  800500 logs  83 logs/s
  801000 logs  83 logs/s
  801500 logs  83 logs/s
  802000 logs  83 logs/s
  802500 logs  83 logs/s
  803000 logs  83 logs/s
  803500 logs  83 logs/s
  804000 logs  83 logs/s
  804500 logs  83 logs/s
  805000 logs  83 logs/s
  805500 logs  83 logs/s
  806000 logs  83 logs/s
  806500 logs  83 logs/s
  807000 logs  83 logs/s
  807500 logs  83 logs/s
  808000 logs  83 logs/s
  808500 logs  83 logs/s
  809000 logs  83 logs/s
  809500 logs  83 logs/s
  810000 logs  83 logs/s
  810500 logs  83 logs/s
  811000 logs  83 logs/s
  811500 logs  83 logs/s
  812000 logs  83 logs/s
  812500 logs  83 logs/s
  813000 logs  83 logs/s
  813500 logs  83 logs/s
  814000 logs  83 logs/s
  814500 logs  83 logs/s
  815000 logs  83 logs/s
  815500 logs  83 logs/s
  816000 logs  83 logs/s
  816500 logs  83 logs/s
  817000 logs  83 logs/s
  817500 logs  83 logs/s
  818000 logs  83 logs/s
  818500 logs  83 logs/s
  819000 logs  83 logs/s
  819500 logs  83 logs/s
  820000 logs  83 logs/s
  820500 logs  83 logs/s
  821000 logs  83 logs/s
  821500 logs  83 logs/s
  822000 logs  83 logs/s
  822500 logs  83 logs/s
  823000 logs  83 logs/s
  823500 logs  83 logs/s
  824000 logs  83 logs/s
  824500 logs  83 logs/s
  825000 logs  83 logs/s
  825500 logs  83 logs/s
  826000 logs  83 logs/s
  826500 logs  83 logs/s
  827000 logs  83 logs/s
  827500 logs  83 logs/s
  828000 logs  83 logs/s
  828500 logs  83 logs/s
  829000 logs  83 logs/s
  829500 logs  83 logs/s
  830000 logs  83 logs/s
  830500 logs  83 logs/s
  831000 logs  83 logs/s
  831500 logs  83 logs/s
  832000 logs  83 logs/s
  832500 logs  83 logs/s
  833000 logs  83 logs/s
  833500 logs  83 logs/s
  834000 logs  83 logs/s
  834500 logs  83 logs/s
  835000 logs  83 logs/s
  835500 logs  83 logs/s
  836000 logs  83 logs/s
  836500 logs  83 logs/s
  837000 logs  83 logs/s
  837500 logs  83 logs/s
  838000 logs  83 logs/s
  838500 logs  83 logs/s
  839000 logs  83 logs/s
  839500 logs  83 logs/s
  840000 logs  83 logs/s
  840500 logs  83 logs/s
  841000 logs  83 logs/s
  841500 logs  83 logs/s
  842000 logs  83 logs/s
  842500 logs  83 logs/s
  843000 logs  83 logs/s
  843500 logs  83 logs/s
  844000 logs  83 logs/s
  844500 logs  83 logs/s
  845000 logs  83 logs/s
  845500 logs  83 logs/s
  846000 logs  83 logs/s
  846500 logs  83 logs/s
  847000 logs  83 logs/s
  847500 logs  83 logs/s
  848000 logs  83 logs/s
  848500 logs  83 logs/s
  849000 logs  83 logs/s
  849500 logs  83 logs/s
  850000 logs  83 logs/s
  850500 logs  83 logs/s
  851000 logs  83 logs/s
  851500 logs  83 logs/s
  852000 logs  83 logs/s
  852500 logs  83 logs/s
  853000 logs  83 logs/s
  853500 logs  83 logs/s
  854000 logs  83 logs/s
  854500 logs  83 logs/s
  855000 logs  83 logs/s
  855500 logs  83 logs/s
  856000 logs  83 logs/s
  856500 logs  83 logs/s
  857000 logs  83 logs/s
  857500 logs  83 logs/s
  858000 logs  83 logs/s
  858500 logs  83 logs/s
  859000 logs  83 logs/s
  859500 logs  83 logs/s
  860000 logs  83 logs/s
  860500 logs  83 logs/s
  861000 logs  83 logs/s
  861500 logs  83 logs/s
  862000 logs  83 logs/s
  862500 logs  83 logs/s
  863000 logs  83 logs/s
  863500 logs  83 logs/s
  864000 logs  83 logs/s
  864500 logs  83 logs/s
  865000 logs  83 logs/s
  865500 logs  83 logs/s
  866000 logs  83 logs/s
  866500 logs  83 logs/s
  867000 logs  83 logs/s
  867500 logs  83 logs/s
  868000 logs  83 logs/s
  868500 logs  83 logs/s
  869000 logs  83 logs/s
  869500 logs  83 logs/s
  870000 logs  83 logs/s
  870500 logs  83 logs/s
  871000 logs  83 logs/s
  871500 logs  83 logs/s
  872000 logs  83 logs/s
  872500 logs  83 logs/s
  873000 logs  83 logs/s
  873500 logs  83 logs/s
  874000 logs  83 logs/s
  874500 logs  83 logs/s
  875000 logs  83 logs/s
  875500 logs  83 logs/s
  876000 logs  84 logs/s
  876500 logs  84 logs/s
  877000 logs  84 logs/s
  877500 logs  84 logs/s
  878000 logs  84 logs/s
  878500 logs  84 logs/s
  879000 logs  84 logs/s
  879500 logs  84 logs/s
  880000 logs  84 logs/s
  880500 logs  84 logs/s
  881000 logs  84 logs/s
  881500 logs  84 logs/s
  882000 logs  84 logs/s
  882500 logs  84 logs/s
  883000 logs  84 logs/s
  883500 logs  84 logs/s
  884000 logs  84 logs/s
  884500 logs  84 logs/s
  885000 logs  84 logs/s
  885500 logs  84 logs/s
  886000 logs  84 logs/s
  886500 logs  84 logs/s
  887000 logs  84 logs/s
  887500 logs  84 logs/s
  888000 logs  84 logs/s
  888500 logs  84 logs/s
  889000 logs  84 logs/s
  889500 logs  84 logs/s
  890000 logs  84 logs/s
  890500 logs  84 logs/s
  891000 logs  84 logs/s
  891500 logs  84 logs/s
  892000 logs  84 logs/s
  892500 logs  84 logs/s
  893000 logs  84 logs/s
  893500 logs  84 logs/s
  894000 logs  84 logs/s
  894500 logs  84 logs/s
  895000 logs  84 logs/s
  895500 logs  84 logs/s
  896000 logs  84 logs/s
  896500 logs  84 logs/s
  897000 logs  84 logs/s
  897500 logs  84 logs/s
  898000 logs  84 logs/s
  898500 logs  84 logs/s
  899000 logs  84 logs/s
  899500 logs  84 logs/s
  900000 logs  84 logs/s
  900500 logs  84 logs/s
  901000 logs  84 logs/s
  901500 logs  84 logs/s
  902000 logs  84 logs/s
  902500 logs  84 logs/s
  903000 logs  84 logs/s
  903500 logs  84 logs/s
  904000 logs  84 logs/s
  904500 logs  84 logs/s
  905000 logs  84 logs/s
  905500 logs  84 logs/s
  906000 logs  84 logs/s
  906500 logs  84 logs/s
  907000 logs  84 logs/s
  907500 logs  84 logs/s
  908000 logs  84 logs/s
  908500 logs  84 logs/s
  909000 logs  84 logs/s
  909500 logs  84 logs/s
  910000 logs  84 logs/s
  910500 logs  84 logs/s
  911000 logs  84 logs/s
  911500 logs  84 logs/s
  912000 logs  84 logs/s
  912500 logs  84 logs/s
  913000 logs  84 logs/s
  913500 logs  84 logs/s
  914000 logs  84 logs/s
  914500 logs  84 logs/s
  915000 logs  84 logs/s
  915500 logs  84 logs/s
  916000 logs  84 logs/s
  916500 logs  84 logs/s
  917000 logs  84 logs/s
  917500 logs  84 logs/s
  918000 logs  84 logs/s
  918500 logs  84 logs/s
  919000 logs  84 logs/s
  919500 logs  84 logs/s
  920000 logs  84 logs/s
  920500 logs  84 logs/s
  921000 logs  84 logs/s
  921500 logs  84 logs/s
  922000 logs  84 logs/s
  922500 logs  84 logs/s
  923000 logs  84 logs/s
  923500 logs  84 logs/s
  924000 logs  84 logs/s
  924500 logs  84 logs/s
  925000 logs  84 logs/s
  925500 logs  84 logs/s
  926000 logs  84 logs/s
  926500 logs  84 logs/s
  927000 logs  84 logs/s
  927500 logs  84 logs/s
  928000 logs  84 logs/s
  928500 logs  84 logs/s
  929000 logs  84 logs/s
  929500 logs  84 logs/s
  930000 logs  84 logs/s
  930500 logs  84 logs/s
  931000 logs  84 logs/s
  931500 logs  84 logs/s
  932000 logs  84 logs/s
  932330 logs  84 logs/s
解析完成 932330 条日志 (11128.9s, 84 logs/s)
已删除旧合并文件
合并为单个 parquet (流式)...
合并完成 → E:/tables\snapshots_all.parquet
